chr16	30397665	30397666	ENST1	100	.	rs540621846$A$G$PASS$AC=3;AF=0.000599042;AN=5008;NS=2504;DP=18353;EAS_AF=0;AMR_AF=0;AFR_AF=0;EUR_AF=0.003;SAS_AF=0;AA=A|||;VT=SNP
chr16	30397668	30397669	ENST1	100	.	rs372279845$G$A$PASS$AC=6;AF=0.00119808;AN=5008;NS=2504;DP=18321;EAS_AF=0.006;AMR_AF=0;AFR_AF=0;EUR_AF=0;SAS_AF=0;AA=G|||;VT=SNP
chr16	30397687	30397688	ENST1	100	.	rs376983682$T$G$PASS$AC=1;AF=0.000199681;AN=5008;NS=2504;DP=17612;EAS_AF=0;AMR_AF=0;AFR_AF=0.0008;EUR_AF=0;SAS_AF=0;AA=T|||;VT=SNP
chr16	3204456	3204457	ENST1	100	.	rs577471334$G$A$PASS$AC=13;AF=0.00259585;AN=5008;NS=2504;DP=26992;EAS_AF=0.0109;AMR_AF=0;AFR_AF=0;EUR_AF=0;SAS_AF=0.002;AA=G|||;VT=SNP
chr16	3204460	3204461	ENST1	100	.	rs546047418$C$G$PASS$AC=13;AF=0.00259585;AN=5008;NS=2504;DP=26819;EAS_AF=0.0109;AMR_AF=0;AFR_AF=0;EUR_AF=0;SAS_AF=0.002;AA=C|||;VT=SNP
chr16	3204479	3204480	ENST1	100	.	rs559608852$A$G$PASS$AC=13;AF=0.00259585;AN=5008;NS=2504;DP=26627;EAS_AF=0.0109;AMR_AF=0;AFR_AF=0;EUR_AF=0;SAS_AF=0.002;AA=A|||;VT=SNP
chr16	3204484	3204485	ENST1	100	.	rs573147664$A$G$PASS$AC=13;AF=0.00259585;AN=5008;NS=2504;DP=26193;EAS_AF=0.0109;AMR_AF=0;AFR_AF=0;EUR_AF=0;SAS_AF=0.002;AA=A|||;VT=SNP
chr16	3204489	3204490	ENST1	100	.	rs541996165$C$T$PASS$AC=1;AF=0.000199681;AN=5008;NS=2504;DP=26037;EAS_AF=0;AMR_AF=0;AFR_AF=0;EUR_AF=0;SAS_AF=0.001;AA=C|||;VT=SNP
chr16	3204492	3204493	ENST1	100	.	rs182177842$C$T$PASS$AC=2;AF=0.000399361;AN=5008;NS=2504;DP=26006;EAS_AF=0.002;AMR_AF=0;AFR_AF=0;EUR_AF=0;SAS_AF=0;AA=C|||;VT=SNP