chr1	434	466	cluster1	1000	+	5.56843769506901	15.6575773191778	-1	-1
chr1	434	466	cluster2	1000	+	5.56843769506901	15.6575773191778	-1	-1
chr1	550	555	cluster3	1000	+	5.56843769506901	15.6575773191778	-1	-1